// Jest Snapshot v1, https://goo.gl/fbAQLP

exports[`snapshot snapshot of items 1`] = `ShallowWrapper {}`;
